../Core/Src/icm20948.c:33:6:icm20948_init	8	static
../Core/Src/icm20948.c:59:6:ak09916_init	8	static
../Core/Src/icm20948.c:71:6:icm20948_gyro_read	24	static
../Core/Src/icm20948.c:83:6:icm20948_temp_read	24	static
../Core/Src/icm20948.c:97:6:icm20948_accel_read	24	static
../Core/Src/icm20948.c:107:6:ak09916_mag_read	32	static
../Core/Src/icm20948.c:127:6:icm20948_gyro_read_dps	16	static
../Core/Src/icm20948.c:136:6:icm20948_accel_read_g	16	static
../Core/Src/icm20948.c:145:6:ak09916_mag_read_uT	40	static
../Core/Src/icm20948.c:160:6:icm20948_who_am_i	24	static
../Core/Src/icm20948.c:170:6:ak09916_who_am_i	24	static
../Core/Src/icm20948.c:180:6:icm20948_device_reset	8	static
../Core/Src/icm20948.c:186:6:ak09916_soft_reset	8	static
../Core/Src/icm20948.c:192:6:icm20948_wakeup	24	static
../Core/Src/icm20948.c:201:6:icm20948_sleep	24	static
../Core/Src/icm20948.c:210:6:icm20948_spi_slave_enable	24	static
../Core/Src/icm20948.c:218:6:icm20948_i2c_master_reset	24	static
../Core/Src/icm20948.c:226:6:icm20948_i2c_master_enable	24	static
../Core/Src/icm20948.c:235:6:icm20948_i2c_master_clk_frq	32	static
../Core/Src/icm20948.c:243:6:icm20948_clock_source	32	static
../Core/Src/icm20948.c:251:6:icm20948_odr_align_enable	8	static
../Core/Src/icm20948.c:256:6:icm20948_gyro_low_pass_filter	32	static
../Core/Src/icm20948.c:264:6:icm20948_accel_low_pass_filter	32	static
../Core/Src/icm20948.c:272:6:icm20948_gyro_sample_rate_divider	16	static
../Core/Src/icm20948.c:277:6:icm20948_accel_sample_rate_divider	32	static
../Core/Src/icm20948.c:286:6:ak09916_operation_mode_setting	16	static
../Core/Src/icm20948.c:292:6:icm20948_gyro_calibration	56	static
../Core/Src/icm20948.c:324:6:icm20948_accel_calibration	80	static
../Core/Src/icm20948.c:382:6:icm20948_gyro_full_scale_select	32	static
../Core/Src/icm20948.c:409:6:icm20948_accel_full_scale_select	32	static
../Core/Src/icm20948.c:438:13:cs_high	8	static
../Core/Src/icm20948.c:443:13:cs_low	8	static
../Core/Src/icm20948.c:448:13:select_user_bank	32	static
../Core/Src/icm20948.c:459:16:read_single_icm20948_reg	32	static
../Core/Src/icm20948.c:473:13:write_single_icm20948_reg	32	static
../Core/Src/icm20948.c:486:17:read_multiple_icm20948_reg	32	static
../Core/Src/icm20948.c:500:13:write_multiple_icm20948_reg	32	static
../Core/Src/icm20948.c:511:16:read_single_ak09916_reg	16	static
../Core/Src/icm20948.c:521:13:write_single_ak09916_reg	16	static
../Core/Src/icm20948.c:529:17:read_multiple_ak09916_reg	16	static
